// Vitest Snapshot v1, https://vitest.dev/guide/snapshot.html

exports[`renders login form correctly 1`] = `
<div
  class="container flex flex-col gap-[12px]"
>
  <div
    class="hero min-h-screen bg-base-200"
  >
    <div
      class="hero-content flex-col lg:flex-row-reverse"
    >
      <div
        class="text-center lg:text-left"
      >
        <h1
          class="text-5xl font-bold"
        >
          Login now!
        </h1>
        <p
          class="py-6"
        >
          Trusted by Udacity, best software for creating poll. Free for all user until 10 poll
        </p>
      </div>
      <div
        class="card shrink-0 w-full max-w-sm shadow-2xl bg-base-100"
      >
        <form
          class="card-body"
        >
          <div
            class="form-control"
          >
            <label
              class="label"
            >
              <span
                class="label-text"
              >
                Username
              </span>
            </label>
            <input
              class="input input-bordered"
              id="usernameInput"
              placeholder="username"
              required=""
              type="text"
            />
          </div>
          <div
            class="form-control"
          >
            <label
              class="label"
            >
              <span
                class="label-text"
              >
                Password
              </span>
            </label>
            <input
              class="input input-bordered"
              id="passwordInput"
              placeholder="password"
              required=""
              type="password"
            />
          </div>
          <div
            class="form-control mt-6"
          >
            <button
              class="btn btn-primary"
              type="submit"
            >
              Login
            </button>
          </div>
        </form>
      </div>
    </div>
  </div>
</div>
`;
